// Vitest Snapshot v1, https://vitest.dev/guide/snapshot.html

exports[`Google IAM > getApiGatewayToken > should return a signed JWT 1`] = `"eyJhbGciOiJSUzI1NiIsInR5cCI6IkpXVCJ9.eyJpc3MiOiJ0ZXN0LXNlcnZpY2UtYWNjb3VudC1lbWFpbCIsInN1YiI6InRlc3Qtc2VydmljZS1hY2NvdW50LWVtYWlsIiwiYXVkIjoidGVzdC1hdWRpZW5jZSIsImlhdCI6MTcyNzcwMzQyMCwiZXhwIjoxNzI3NzAzNDgwfQ==.dGVzdC1zaWduZWQtand0"`;
